src/hooks/useStacking.ts(3,28): error TS2307: Cannot find module '../workers/metadata.worker.ts?worker' or its corresponding type declarations.
src/hooks/useStacking.ts(27,24): error TS2554: Expected 1 arguments, but got 0.
