
[1m[46m RUN [49m[22m [36mv4.0.16 [39m[90mD:/AI/WebDev/project-ambit-alpha[39m

 [31mΓ¥»[39m src/utils/__tests__/sqlHelpers.test.ts [2m([22m[2m21 tests[22m[2m | [22m[31m1 failed[39m[2m)[22m[32m 11[2mms[22m[39m
       [32mΓ£ô[39m should return base conditions by default[32m 2[2mms[22m[39m
       [32mΓ£ô[39m should handle favorites only[32m 0[2mms[22m[39m
       [32mΓ£ô[39m should handle pinned only[32m 0[2mms[22m[39m
       [32mΓ£ô[39m should handle models filter[32m 1[2mms[22m[39m
       [32mΓ£ô[39m should handle tools filter[32m 0[2mms[22m[39m
       [32mΓ£ô[39m should return loraName for single LoRA filter (INNER JOIN optimization)[32m 0[2mms[22m[39m
       [32mΓ£ô[39m should use junction table for Embedding filters[32m 0[2mms[22m[39m
       [32mΓ£ô[39m should use junction table for Hypernetwork filters[32m 0[2mms[22m[39m
       [32mΓ£ô[39m should handle privacy mode "hide"[32m 0[2mms[22m[39m
       [32mΓ£ô[39m should handle date ranges[32m 1[2mms[22m[39m
         [32mΓ£ô[39m should handle simple text search[32m 0[2mms[22m[39m
         [32mΓ£ô[39m should handle negative text search[32m 0[2mms[22m[39m
         [32mΓ£ô[39m should handle key:val filters (cfg)[32m 0[2mms[22m[39m
         [32mΓ£ô[39m should handle key:val comparison (steps)[32m 0[2mms[22m[39m
         [32mΓ£ô[39m should handle quoted phrases[32m 0[2mms[22m[39m
         [32mΓ£ô[39m should handle manual collections by returning collectionId for INNER JOIN[32m 0[2mms[22m[39m
         [32mΓ£ô[39m should handle smart collections (hybrid mode)[32m 0[2mms[22m[39m
         [32mΓ£ô[39m should pre-empt smart collection date if global date is set[32m 0[2mms[22m[39m
         [32mΓ£ô[39m should default to OR logic for multiple loras (Match Any)[32m 0[2mms[22m[39m
[31m         [31m├ù[31m should use AND logic when matchMode is ALL[39m[32m 5[2mms[22m[39m
         [32mΓ£ô[39m should use OR logic when matchMode is explicitly ANY[32m 0[2mms[22m[39m
node.exe : 
At line:1 char:1
+ & "C:\Program 
Files\nodejs/node.exe" 
"C:\Program Files\nodejs/node_mo 
...
+ ~~~~~~~~~~~~~~~~~~~~~~~~~~~~~~~
~~~~~~~~~~~~~~~~~~~~~~~~~~~~~~~~~
~~~~~
    + CategoryInfo          : No 
   tSpecified: (:String) [], Re  
  moteException
    + FullyQualifiedErrorId : Na 
   tiveCommandError
 
[31mΓÄ»ΓÄ»ΓÄ»ΓÄ»ΓÄ»ΓÄ»ΓÄ»[39m[
1m[41m Failed Tests 1 [49m[22m
[31mΓÄ»ΓÄ»ΓÄ»ΓÄ»ΓÄ»ΓÄ»ΓÄ»[39m

[41m[1m FAIL [22m[49m src/uti
ls/__tests__/sqlHelpers.test.ts[
2m > [22msqlHelpers[2m > 
[22mbuildSqlWhereClause[2m > 
[22mMatch Modes[2m > 
[22mshould use AND logic when 
matchMode is ALL
[31m[1mAssertionError[22m: 
expected 'is_intermediate_gen IS 
NULL OR is_intΓÇª' not to 
contain ' OR '[39m

Expected: [32m" OR "[39m
Received: 
[31m"is_intermediate_gen IS 
NULL OR is_intermediate_gen != 
1) AND (is_grid_gen IS NULL OR 
is_grid_gen != 1) AND (EXISTS 
(SELECT 1 FROM image_loras il 
WHERE il.image_id = id AND 
il.lora_name = ?) AND EXISTS 
(SELECT 1 FROM image_loras il 
WHERE il.image_id = id AND 
il.lora_name = ?)"[39m

[36m [2mΓ¥»[22m src/utils/__te
sts__/sqlHelpers.test.ts:[2m194:
39[22m[39m
    [90m192| [39m              
  [35mconst[39m loraBlock 
[33m=[39m where[33m.[39m[34m
match[39m([36m/\((.*EXISTS.*)\)
/[39m)[33m?.[39m[[34m1[39m]
[33m;[39m
    [90m193| [39m              
  [34mexpect[39m(loraBlock)[33
m.[39m[34mtoContain[39m([32m'
 AND '[39m)[33m;[39m
    [90m194| [39m              
  [34mexpect[39m(loraBlock)[33
m.[39mnot[33m.[39m[34mtoConta
in[39m([32m' OR 
'[39m)[33m;[39m
    [90m   | [39m              
                        
[31m^[39m
    [90m195| [39m            
})[33m;[39m
    [90m196| [39m

[31m[2mΓÄ»ΓÄ»ΓÄ»ΓÄ»ΓÄ»ΓÄ»ΓÄ»ΓÄ»
ΓÄ»ΓÄ»ΓÄ»ΓÄ»ΓÄ»ΓÄ»ΓÄ»ΓÄ»ΓÄ»ΓÄ»ΓÄ»
ΓÄ»ΓÄ»ΓÄ»ΓÄ»ΓÄ»[1/1]ΓÄ»[22m[39m


[2m Test Files [22m [1m[31m1 failed[39m[22m[90m (1)[39m
[2m      Tests [22m [1m[31m1 failed[39m[22m[2m | [22m[1m[32m20 passed[39m[22m[90m (21)[39m
[2m   Start at [22m 14:43:28
[2m   Duration [22m 1.90s[2m (transform 57ms, setup 45ms, import 38ms, tests 11ms, environment 1.14s)[22m

