node_modules/@google/genai/dist/genai.d.ts(3,29): error TS2307: Cannot find module '@modelcontextprotocol/sdk/client/index.js' or its corresponding type declarations.
node_modules/@tauri-apps/api/core.d.ts(62,5): error TS18028: Private identifiers are only available when targeting ECMAScript 2015 and higher.
node_modules/@tauri-apps/api/core.d.ts(182,5): error TS18028: Private identifiers are only available when targeting ECMAScript 2015 and higher.
node_modules/framer-motion/dist/types.d-DagZKalS.d.ts(33,11): error TS2320: Interface 'MotionStyle' cannot simultaneously extend types 'MakeMotionHelper<Omit<CSSProperties, "perspective" | "rotate" | "scale">>' and 'MakeMotionHelper<TransformProperties>'.
  Named property 'x' of types 'MakeMotionHelper<Omit<CSSProperties, "perspective" | "rotate" | "scale">>' and 'MakeMotionHelper<TransformProperties>' are not identical.
node_modules/framer-motion/dist/types/index.d.ts(515,226): error TS2503: Cannot find namespace 'JSX'.
node_modules/framer-motion/dist/types/index.d.ts(542,228): error TS2503: Cannot find namespace 'JSX'.
node_modules/gaxios/build/cjs/src/gaxios.d.ts(16,5): error TS18028: Private identifiers are only available when targeting ECMAScript 2015 and higher.
node_modules/google-auth-library/build/src/auth/awsclient.d.ts(83,5): error TS18028: Private identifiers are only available when targeting ECMAScript 2015 and higher.
node_modules/google-auth-library/build/src/auth/baseexternalclient.d.ts(173,5): error TS18028: Private identifiers are only available when targeting ECMAScript 2015 and higher.
node_modules/google-auth-library/build/src/auth/googleauth.d.ts(159,5): error TS18028: Private identifiers are only available when targeting ECMAScript 2015 and higher.
node_modules/google-auth-library/build/src/auth/oauth2common.d.ts(50,5): error TS18028: Private identifiers are only available when targeting ECMAScript 2015 and higher.
node_modules/google-auth-library/build/src/auth/stscredentials.d.ts(99,5): error TS18028: Private identifiers are only available when targeting ECMAScript 2015 and higher.
node_modules/google-auth-library/build/src/util.d.ts(125,5): error TS18028: Private identifiers are only available when targeting ECMAScript 2015 and higher.
node_modules/gtoken/build/cjs/src/index.d.ts(38,5): error TS18028: Private identifiers are only available when targeting ECMAScript 2015 and higher.
node_modules/react-router-dom/dist/index.d.ts(1,69): error TS2307: Cannot find module 'react-router/dom' or its corresponding type declarations.
  There are types at 'D:/AI/WebDev/project-ambit-alpha/node_modules/react-router/dist/development/dom-export.d.mts', but this result could not be resolved under your current 'moduleResolution' setting. Consider updating to 'node16', 'nodenext', or 'bundler'.
node_modules/react-router/dist/development/index.d.ts(4,8): error TS1259: Module '"D:/AI/WebDev/project-ambit-alpha/node_modules/@types/react/index"' can only be default-imported using the 'esModuleInterop' flag
node_modules/react-router/dist/development/instrumentation-BB0wRuqz.d.ts(364,5): error TS18028: Private identifiers are only available when targeting ECMAScript 2015 and higher.
src/App.tsx(7,29): error TS6142: Module './components/FilterPanel' was resolved to 'D:/AI/WebDev/project-ambit-alpha/src/components/FilterPanel.tsx', but '--jsx' is not set.
src/App.tsx(8,29): error TS6142: Module './components/ImageViewer' was resolved to 'D:/AI/WebDev/project-ambit-alpha/src/components/ImageViewer.tsx', but '--jsx' is not set.
src/App.tsx(9,32): error TS6142: Module './components/Charts' was resolved to 'D:/AI/WebDev/project-ambit-alpha/src/components/Charts.tsx', but '--jsx' is not set.
src/App.tsx(10,30): error TS6142: Module './components/TimelineView' was resolved to 'D:/AI/WebDev/project-ambit-alpha/src/components/TimelineView.tsx', but '--jsx' is not set.
src/App.tsx(11,29): error TS6142: Module './components/ContextMenu' was resolved to 'D:/AI/WebDev/project-ambit-alpha/src/components/ContextMenu.tsx', but '--jsx' is not set.
src/App.tsx(12,48): error TS6142: Module './components/VirtualGrid' was resolved to 'D:/AI/WebDev/project-ambit-alpha/src/components/VirtualGrid.tsx', but '--jsx' is not set.
src/App.tsx(13,26): error TS6142: Module './components/GridItem' was resolved to 'D:/AI/WebDev/project-ambit-alpha/src/components/GridItem.tsx', but '--jsx' is not set.
src/App.tsx(14,33): error TS6142: Module './components/MaintenanceView' was resolved to 'D:/AI/WebDev/project-ambit-alpha/src/components/MaintenanceView.tsx', but '--jsx' is not set.
src/App.tsx(15,34): error TS6142: Module './components/OnboardingWizard' was resolved to 'D:/AI/WebDev/project-ambit-alpha/src/components/OnboardingWizard.tsx', but '--jsx' is not set.
src/App.tsx(16,30): error TS6142: Module './components/GlobalModals' was resolved to 'D:/AI/WebDev/project-ambit-alpha/src/components/GlobalModals.tsx', but '--jsx' is not set.
src/App.tsx(17,28): error TS6142: Module './components/AppSidebar' was resolved to 'D:/AI/WebDev/project-ambit-alpha/src/components/AppSidebar.tsx', but '--jsx' is not set.
src/App.tsx(18,27): error TS6142: Module './components/AppHeader' was resolved to 'D:/AI/WebDev/project-ambit-alpha/src/components/AppHeader.tsx', but '--jsx' is not set.
src/App.tsx(19,26): error TS6142: Module './components/TitleBar' was resolved to 'D:/AI/WebDev/project-ambit-alpha/src/components/TitleBar.tsx', but '--jsx' is not set.
src/App.tsx(20,31): error TS6142: Module './components/ErrorBoundary' was resolved to 'D:/AI/WebDev/project-ambit-alpha/src/components/ErrorBoundary.tsx', but '--jsx' is not set.
src/App.tsx(21,30): error TS6142: Module './components/SelectionBar' was resolved to 'D:/AI/WebDev/project-ambit-alpha/src/components/SelectionBar.tsx', but '--jsx' is not set.
src/App.tsx(22,29): error TS6142: Module './components/PinnedShelf' was resolved to 'D:/AI/WebDev/project-ambit-alpha/src/components/PinnedShelf.tsx', but '--jsx' is not set.
src/App.tsx(23,31): error TS6142: Module './components/LoadingScreen' was resolved to 'D:/AI/WebDev/project-ambit-alpha/src/components/LoadingScreen.tsx', but '--jsx' is not set.
src/App.tsx(24,30): error TS6142: Module './components/GridSkeleton' was resolved to 'D:/AI/WebDev/project-ambit-alpha/src/components/GridSkeleton.tsx', but '--jsx' is not set.
src/App.tsx(25,29): error TS6142: Module './components/DragOverlay' was resolved to 'D:/AI/WebDev/project-ambit-alpha/src/components/DragOverlay.tsx', but '--jsx' is not set.
src/App.tsx(44,13): error TS2339: Property 'addToast' does not exist on type '{}'.
src/App.tsx(201,27): error TS17004: Cannot use JSX unless the '--jsx' flag is provided.
src/App.tsx(204,9): error TS17004: Cannot use JSX unless the '--jsx' flag is provided.
src/App.tsx(205,13): error TS17004: Cannot use JSX unless the '--jsx' flag is provided.
src/App.tsx(206,17): error TS17004: Cannot use JSX unless the '--jsx' flag is provided.
src/App.tsx(207,17): error TS17004: Cannot use JSX unless the '--jsx' flag is provided.
src/App.tsx(208,17): error TS17004: Cannot use JSX unless the '--jsx' flag is provided.
src/App.tsx(210,17): error TS17004: Cannot use JSX unless the '--jsx' flag is provided.
src/App.tsx(213,17): error TS17004: Cannot use JSX unless the '--jsx' flag is provided.
src/App.tsx(253,21): error TS17004: Cannot use JSX unless the '--jsx' flag is provided.
src/App.tsx(372,116): error TS2304: Cannot find name 'openModal'.
src/App.tsx(372,148): error TS2304: Cannot find name 'openModal'.
src/App.tsx(390,17): error TS17004: Cannot use JSX unless the '--jsx' flag is provided.
src/App.tsx(404,17): error TS17004: Cannot use JSX unless the '--jsx' flag is provided.
src/App.tsx(405,21): error TS17004: Cannot use JSX unless the '--jsx' flag is provided.
src/App.tsx(422,21): error TS17004: Cannot use JSX unless the '--jsx' flag is provided.
src/App.tsx(423,25): error TS17004: Cannot use JSX unless the '--jsx' flag is provided.
src/App.tsx(466,25): error TS17004: Cannot use JSX unless the '--jsx' flag is provided.
src/App.tsx(467,29): error TS17004: Cannot use JSX unless the '--jsx' flag is provided.
src/App.tsx(469,37): error TS17004: Cannot use JSX unless the '--jsx' flag is provided.
src/App.tsx(471,37): error TS17004: Cannot use JSX unless the '--jsx' flag is provided.
src/App.tsx(526,37): error TS17004: Cannot use JSX unless the '--jsx' flag is provided.
src/App.tsx(528,45): error TS17004: Cannot use JSX unless the '--jsx' flag is provided.
src/App.tsx(543,45): error TS17004: Cannot use JSX unless the '--jsx' flag is provided.
src/App.tsx(544,49): error TS17004: Cannot use JSX unless the '--jsx' flag is provided.
src/App.tsx(566,53): error TS17004: Cannot use JSX unless the '--jsx' flag is provided.
src/App.tsx(568,53): error TS17004: Cannot use JSX unless the '--jsx' flag is provided.
src/App.tsx(590,61): error TS17004: Cannot use JSX unless the '--jsx' flag is provided.
src/App.tsx(618,37): error TS17004: Cannot use JSX unless the '--jsx' flag is provided.
src/App.tsx(620,45): error TS17004: Cannot use JSX unless the '--jsx' flag is provided.
src/App.tsx(621,49): error TS17004: Cannot use JSX unless the '--jsx' flag is provided.
src/App.tsx(622,53): error TS17004: Cannot use JSX unless the '--jsx' flag is provided.
src/App.tsx(624,49): error TS17004: Cannot use JSX unless the '--jsx' flag is provided.
src/App.tsx(625,49): error TS17004: Cannot use JSX unless the '--jsx' flag is provided.
src/App.tsx(628,45): error TS17004: Cannot use JSX unless the '--jsx' flag is provided.
src/App.tsx(629,49): error TS17004: Cannot use JSX unless the '--jsx' flag is provided.
src/App.tsx(630,49): error TS17004: Cannot use JSX unless the '--jsx' flag is provided.
src/App.tsx(631,49): error TS17004: Cannot use JSX unless the '--jsx' flag is provided.
src/App.tsx(640,21): error TS17004: Cannot use JSX unless the '--jsx' flag is provided.
src/App.tsx(660,17): error TS17004: Cannot use JSX unless the '--jsx' flag is provided.
src/App.tsx(662,25): error TS17004: Cannot use JSX unless the '--jsx' flag is provided.
src/contexts/LibraryContext.tsx(69,11): error TS2339: Property 'addToast' does not exist on type '{}'.
src/contexts/LibraryContext.tsx(771,5): error TS17004: Cannot use JSX unless the '--jsx' flag is provided.
src/hooks/useAppActions.ts(37,13): error TS2339: Property 'addToast' does not exist on type '{}'.
src/hooks/useAppHandlers.ts(9,13): error TS2339: Property 'addToast' does not exist on type '{}'.
src/hooks/useCollectionOperations.ts(27,11): error TS2339: Property 'addToast' does not exist on type '{}'.
src/hooks/useFileOperations.ts(26,13): error TS2339: Property 'addToast' does not exist on type '{}'.
src/hooks/useLibraryContext.ts(2,32): error TS6142: Module '../contexts/LibraryContext' was resolved to 'D:/AI/WebDev/project-ambit-alpha/src/contexts/LibraryContext.tsx', but '--jsx' is not set.
src/hooks/useSearch.ts(25,11): error TS2339: Property 'addToast' does not exist on type '{}'.
src/hooks/useToast.ts(2,30): error TS6142: Module '../contexts/ToastContext' was resolved to 'D:/AI/WebDev/project-ambit-alpha/src/contexts/ToastContext.tsx', but '--jsx' is not set.
src/services/exportService.ts(1,8): error TS1259: Module '"D:/AI/WebDev/project-ambit-alpha/node_modules/jszip/index"' can only be default-imported using the 'esModuleInterop' flag
src/services/metadataParser.ts(7,68): error TS1343: The 'import.meta' meta-property is only allowed when the '--module' option is 'es2020', 'es2022', 'esnext', 'system', 'node16', 'node18', or 'nodenext'.
src/services/WatcherService.ts(42,31): error TS2802: Type 'MapIterator<() => void>' can only be iterated through when using the '--downlevelIteration' flag or with a '--target' of 'es2015' or higher.
